# This file has to be updated from time to time using this template:
# https://docs.spamhaus.com/download/URL_normalization.yaml

l8.nu
2ww.me
4.fo
abre.ai
arweave.net
bit.do
bit.ly
bitly.ws
bom.so
buff.ly
c4rex.co
cdn.discordapp.com
cf-ipfs.com
clck.ru
clcr.me
www.clck.ru
cleanuri.com
clicktracker.net
cloudflare-ipfs.com
usc1.contabostorage.com
crustwebsites.net
cutt.ly
did.li
dik.si
dweb.link
firebasestorage.googleapis.com
fleek.cool
fleek.ipfs.io
gg.gg
ggle.io
goo.su
www.goo.su
han.gl
htl.li
ht.ly
httpslink.com
iqy.im
inx.lv
ipfs.fleek.co
ipfs.io
gateway.ipfs.io
itsssl.com
ja.cat
kortlink.dk
kutt.it
kuza.me
lihi2.cc
lil.ge
lin.ee
link.nn.ru
linkmn.gr
link-shortener.net
ln.run
lnkd.in
lnkiy.in
me-qr.com
m1s.it
mpago.la
mq4.ru
mub.me
my.forms.app
objects-us-east-1.dream.io
url.zip
ow.ly
p.st
pastebin.com
peyg.ir
piplynow.com
ppt.cc
ptpn4.id
pxlme.me
qrco.de
rb.gy
rebrand.ly
reurl.cc
rotf.lol
rplg.co
s3.amazonaws.com
s3.us-west-1.amazonaws.com
sfo3.digitaloceanspaces.com
s.free.fr
sgp1.digitaloceanspaces.com
syd1.digitaloceanspaces.com
sha.lk
shln.me
shrtco.de
shorturl.ac
shorturl.at
shorturl.asia
short-me.me
shrinke.me
siasky.net
ssur.cc
s.id
s.lu
sites.google.com
storageapi.fleek.co
storage.cloud.google.com
substack.com
surl.li
t.co
telegra.ph
tiny.one
tinylink.in
tinyurl.com
tny.im
to.sv
t.ly
tyl.ke
d8hxy.app.goo.gl
peg3z.app.goo.gl
ja2r7.app.goo.gl
u.to
uclck.ru
url.com
url.zip
urlis.net
urly.it
urlzs.com
urlz.fr
url-s.xyz
vk.cc
vk.sv
vo.la
wa.me
www.bit.do
1drv.ms
zpr.io
www.hbltest.com
